Gym has been unmaintained since 2022 and does not support NumPy 2.0 amongst other critical functionality.
Please upgrade to Gymnasium, the maintained drop-in replacement of Gym, or contact the authors of your software and request that they upgrade.
Users of this version of Gym should be able to simply replace 'import gym' with 'import gymnasium as gym' in the vast majority of cases.
See the migration guide at https://gymnasium.farama.org/introduction/migration_guide/ for additional information.
[train_single] method=gnn  seed=1  episodes=20000  ckpt_dir=/projects/amfa5003/tangram-easy/checkpoints/gnn/seed1
[GNN] episodes=20000  start_ep=0  ckpt_dir=/projects/amfa5003/tangram-easy/checkpoints/gnn/seed1
GNN    rollout     0 | recent=0.36 | best=-inf
*** NEW BEST GNN    (avg=1.01) at rollout 6 ***
*** NEW BEST GNN    (avg=2.15) at rollout 14 ***
*** NEW BEST GNN    (avg=2.35) at rollout 15 ***
*** NEW BEST GNN    (avg=2.41) at rollout 17 ***
*** NEW BEST GNN    (avg=3.11) at rollout 29 ***
*** NEW BEST GNN    (avg=3.86) at rollout 30 ***
*** NEW BEST GNN    (avg=4.57) at rollout 31 ***
GNN    rollout   100 | recent=-0.02 | best=4.57
GNN    rollout   200 | recent=2.30 | best=4.57
*** NEW BEST GNN    (avg=4.99) at rollout 265 ***
*** NEW BEST GNN    (avg=5.06) at rollout 294 ***
GNN    rollout   300 | recent=3.54 | best=5.06
*** NEW BEST GNN    (avg=5.73) at rollout 372 ***
GNN    rollout   400 | recent=1.13 | best=5.73
*** NEW BEST GNN    (avg=6.36) at rollout 435 ***
*** NEW BEST GNN    (avg=6.94) at rollout 436 ***
*** NEW BEST GNN    (avg=7.01) at rollout 493 ***
GNN    rollout   500 | recent=3.62 | best=7.01
[GNN] checkpoint saved → ep=500
GNN    rollout   600 | recent=3.14 | best=7.01
GNN    rollout   700 | recent=3.49 | best=7.01
GNN    rollout   800 | recent=2.20 | best=7.01
*** NEW BEST GNN    (avg=7.10) at rollout 882 ***
*** NEW BEST GNN    (avg=7.11) at rollout 885 ***
GNN    rollout   900 | recent=-0.68 | best=7.11
GNN    rollout  1000 | recent=9.29 | best=7.11
[GNN] checkpoint saved → ep=1000
*** NEW BEST GNN    (avg=7.21) at rollout 1002 ***
*** NEW BEST GNN    (avg=7.81) at rollout 1003 ***
*** NEW BEST GNN    (avg=7.83) at rollout 1004 ***
GNN    rollout  1100 | recent=3.89 | best=7.83
*** NEW BEST GNN    (avg=8.54) at rollout 1139 ***
GNN    rollout  1200 | recent=2.42 | best=8.54
*** NEW BEST GNN    (avg=8.62) at rollout 1246 ***
GNN    rollout  1300 | recent=2.50 | best=8.62
GNN    rollout  1400 | recent=2.10 | best=8.62
*** NEW BEST GNN    (avg=8.77) at rollout 1485 ***
*** NEW BEST GNN    (avg=8.91) at rollout 1486 ***
GNN    rollout  1500 | recent=3.53 | best=8.91
[GNN] checkpoint saved → ep=1500
GNN    rollout  1600 | recent=2.92 | best=8.91
GNN    rollout  1700 | recent=6.70 | best=8.91
GNN    rollout  1800 | recent=2.48 | best=8.91
*** NEW BEST GNN    (avg=9.23) at rollout 1898 ***
GNN    rollout  1900 | recent=6.21 | best=9.23
GNN    rollout  2000 | recent=1.24 | best=9.23
[GNN] checkpoint saved → ep=2000
GNN    rollout  2100 | recent=3.77 | best=9.23
GNN    rollout  2200 | recent=3.90 | best=9.23
*** NEW BEST GNN    (avg=9.77) at rollout 2241 ***
*** NEW BEST GNN    (avg=10.00) at rollout 2244 ***
GNN    rollout  2300 | recent=9.19 | best=10.00
*** NEW BEST GNN    (avg=10.07) at rollout 2361 ***
GNN    rollout  2400 | recent=5.05 | best=10.07
GNN    rollout  2500 | recent=6.80 | best=10.07
[GNN] checkpoint saved → ep=2500
GNN    rollout  2600 | recent=2.34 | best=10.07
GNN    rollout  2700 | recent=2.27 | best=10.07
GNN    rollout  2800 | recent=2.54 | best=10.07
GNN    rollout  2900 | recent=1.08 | best=10.07
GNN    rollout  3000 | recent=2.45 | best=10.07
[GNN] checkpoint saved → ep=3000
*** NEW BEST GNN    (avg=10.54) at rollout 3068 ***
GNN    rollout  3100 | recent=9.40 | best=10.54
*** NEW BEST GNN    (avg=10.65) at rollout 3170 ***
GNN    rollout  3200 | recent=6.48 | best=10.65
GNN    rollout  3300 | recent=9.75 | best=10.65
GNN    rollout  3400 | recent=5.22 | best=10.65
GNN    rollout  3500 | recent=5.35 | best=10.65
[GNN] checkpoint saved → ep=3500
*** NEW BEST GNN    (avg=10.80) at rollout 3591 ***
GNN    rollout  3600 | recent=4.99 | best=10.80
*** NEW BEST GNN    (avg=11.51) at rollout 3620 ***
GNN    rollout  3700 | recent=6.49 | best=11.51
*** NEW BEST GNN    (avg=11.58) at rollout 3720 ***
GNN    rollout  3800 | recent=9.65 | best=11.58
GNN    rollout  3900 | recent=7.89 | best=11.58
GNN    rollout  4000 | recent=7.92 | best=11.58
[GNN] checkpoint saved → ep=4000
*** NEW BEST GNN    (avg=12.30) at rollout 4088 ***
*** NEW BEST GNN    (avg=12.89) at rollout 4089 ***
GNN    rollout  4100 | recent=6.61 | best=12.89
GNN    rollout  4200 | recent=9.00 | best=12.89
GNN    rollout  4300 | recent=6.80 | best=12.89
GNN    rollout  4400 | recent=4.07 | best=12.89
GNN    rollout  4500 | recent=3.55 | best=12.89
[GNN] checkpoint saved → ep=4500
GNN    rollout  4600 | recent=5.44 | best=12.89
GNN    rollout  4700 | recent=6.36 | best=12.89
GNN    rollout  4800 | recent=5.11 | best=12.89
GNN    rollout  4900 | recent=6.50 | best=12.89
GNN    rollout  5000 | recent=9.25 | best=12.89
[GNN] checkpoint saved → ep=5000
GNN    rollout  5100 | recent=6.53 | best=12.89
GNN    rollout  5200 | recent=8.22 | best=12.89
GNN    rollout  5300 | recent=3.75 | best=12.89
GNN    rollout  5400 | recent=8.02 | best=12.89
GNN    rollout  5500 | recent=8.06 | best=12.89
[GNN] checkpoint saved → ep=5500
GNN    rollout  5600 | recent=8.29 | best=12.89
GNN    rollout  5700 | recent=8.05 | best=12.89
GNN    rollout  5800 | recent=8.04 | best=12.89
GNN    rollout  5900 | recent=9.51 | best=12.89
GNN    rollout  6000 | recent=10.81 | best=12.89
[GNN] checkpoint saved → ep=6000
GNN    rollout  6100 | recent=9.72 | best=12.89
GNN    rollout  6200 | recent=7.87 | best=12.89
GNN    rollout  6300 | recent=9.60 | best=12.89
GNN    rollout  6400 | recent=10.84 | best=12.89
GNN    rollout  6500 | recent=9.39 | best=12.89
[GNN] checkpoint saved → ep=6500
GNN    rollout  6600 | recent=7.67 | best=12.89
*** NEW BEST GNN    (avg=12.93) at rollout 6663 ***
*** NEW BEST GNN    (avg=13.08) at rollout 6664 ***
*** NEW BEST GNN    (avg=13.12) at rollout 6665 ***
*** NEW BEST GNN    (avg=13.12) at rollout 6666 ***
*** NEW BEST GNN    (avg=13.17) at rollout 6667 ***
*** NEW BEST GNN    (avg=13.75) at rollout 6674 ***
GNN    rollout  6700 | recent=11.01 | best=13.75
GNN    rollout  6800 | recent=8.17 | best=13.75
GNN    rollout  6900 | recent=7.80 | best=13.75
GNN    rollout  7000 | recent=5.27 | best=13.75
[GNN] checkpoint saved → ep=7000
GNN    rollout  7100 | recent=7.76 | best=13.75
GNN    rollout  7200 | recent=7.54 | best=13.75
GNN    rollout  7300 | recent=13.84 | best=13.75
GNN    rollout  7400 | recent=10.97 | best=13.75
GNN    rollout  7500 | recent=9.42 | best=13.75
[GNN] checkpoint saved → ep=7500
GNN    rollout  7600 | recent=9.74 | best=13.75
GNN    rollout  7700 | recent=9.28 | best=13.75
GNN    rollout  7800 | recent=6.79 | best=13.75
GNN    rollout  7900 | recent=6.71 | best=13.75
GNN    rollout  8000 | recent=10.75 | best=13.75
[GNN] checkpoint saved → ep=8000
*** NEW BEST GNN    (avg=13.80) at rollout 8075 ***
GNN    rollout  8100 | recent=12.49 | best=13.80
GNN    rollout  8200 | recent=8.06 | best=13.80
GNN    rollout  8300 | recent=9.69 | best=13.80
GNN    rollout  8400 | recent=8.31 | best=13.80
GNN    rollout  8500 | recent=9.70 | best=13.80
[GNN] checkpoint saved → ep=8500
*** NEW BEST GNN    (avg=13.83) at rollout 8548 ***
GNN    rollout  8600 | recent=12.21 | best=13.83
*** NEW BEST GNN    (avg=14.04) at rollout 8627 ***
GNN    rollout  8700 | recent=9.46 | best=14.04
GNN    rollout  8800 | recent=9.56 | best=14.04
GNN    rollout  8900 | recent=3.19 | best=14.04
GNN    rollout  9000 | recent=7.98 | best=14.04
[GNN] checkpoint saved → ep=9000
GNN    rollout  9100 | recent=-0.14 | best=14.04
GNN    rollout  9200 | recent=8.28 | best=14.04
GNN    rollout  9300 | recent=11.20 | best=14.04
GNN    rollout  9400 | recent=9.44 | best=14.04
GNN    rollout  9500 | recent=7.78 | best=14.04
[GNN] checkpoint saved → ep=9500
GNN    rollout  9600 | recent=9.54 | best=14.04
GNN    rollout  9700 | recent=11.00 | best=14.04
GNN    rollout  9800 | recent=9.12 | best=14.04
GNN    rollout  9900 | recent=10.83 | best=14.04
GNN    rollout 10000 | recent=7.98 | best=14.04
[GNN] checkpoint saved → ep=10000
GNN    rollout 10100 | recent=10.91 | best=14.04
GNN    rollout 10200 | recent=9.17 | best=14.04
GNN    rollout 10300 | recent=11.00 | best=14.04
GNN    rollout 10400 | recent=11.14 | best=14.04
GNN    rollout 10500 | recent=12.43 | best=14.04
[GNN] checkpoint saved → ep=10500
GNN    rollout 10600 | recent=7.84 | best=14.04
GNN    rollout 10700 | recent=13.81 | best=14.04
GNN    rollout 10800 | recent=11.06 | best=14.04
GNN    rollout 10900 | recent=10.85 | best=14.04
GNN    rollout 11000 | recent=11.06 | best=14.04
[GNN] checkpoint saved → ep=11000
GNN    rollout 11100 | recent=10.84 | best=14.04
GNN    rollout 11200 | recent=6.85 | best=14.04
GNN    rollout 11300 | recent=12.63 | best=14.04
GNN    rollout 11400 | recent=11.82 | best=14.04
GNN    rollout 11500 | recent=10.60 | best=14.04
[GNN] checkpoint saved → ep=11500
*** NEW BEST GNN    (avg=14.06) at rollout 11600 ***
GNN    rollout 11600 | recent=14.01 | best=14.06
GNN    rollout 11700 | recent=13.86 | best=14.06
GNN    rollout 11800 | recent=6.89 | best=14.06
*** NEW BEST GNN    (avg=14.09) at rollout 11862 ***
GNN    rollout 11900 | recent=13.83 | best=14.09
GNN    rollout 12000 | recent=5.35 | best=14.09
[GNN] checkpoint saved → ep=12000
GNN    rollout 12100 | recent=12.21 | best=14.09
GNN    rollout 12200 | recent=12.57 | best=14.09
*** NEW BEST GNN    (avg=14.09) at rollout 12259 ***
*** NEW BEST GNN    (avg=14.10) at rollout 12299 ***
GNN    rollout 12300 | recent=12.51 | best=14.10
*** NEW BEST GNN    (avg=14.10) at rollout 12395 ***
GNN    rollout 12400 | recent=12.69 | best=14.10
GNN    rollout 12500 | recent=10.99 | best=14.10
[GNN] checkpoint saved → ep=12500
GNN    rollout 12600 | recent=7.90 | best=14.10
GNN    rollout 12700 | recent=9.20 | best=14.10
GNN    rollout 12800 | recent=13.80 | best=14.10
GNN    rollout 12900 | recent=10.76 | best=14.10
*** NEW BEST GNN    (avg=14.14) at rollout 12961 ***
GNN    rollout 13000 | recent=13.51 | best=14.14
[GNN] checkpoint saved → ep=13000
GNN    rollout 13100 | recent=10.71 | best=14.14
GNN    rollout 13200 | recent=12.28 | best=14.14
GNN    rollout 13300 | recent=12.23 | best=14.14
GNN    rollout 13400 | recent=12.08 | best=14.14
GNN    rollout 13500 | recent=13.80 | best=14.14
[GNN] checkpoint saved → ep=13500
GNN    rollout 13600 | recent=9.32 | best=14.14
GNN    rollout 13700 | recent=12.16 | best=14.14
GNN    rollout 13800 | recent=11.34 | best=14.14
GNN    rollout 13900 | recent=13.83 | best=14.14
*** NEW BEST GNN    (avg=14.15) at rollout 13938 ***
GNN    rollout 14000 | recent=13.83 | best=14.15
[GNN] checkpoint saved → ep=14000
GNN    rollout 14100 | recent=14.05 | best=14.15
GNN    rollout 14200 | recent=12.70 | best=14.15
GNN    rollout 14300 | recent=12.55 | best=14.15
GNN    rollout 14400 | recent=10.92 | best=14.15
GNN    rollout 14500 | recent=11.05 | best=14.15
[GNN] checkpoint saved → ep=14500
GNN    rollout 14600 | recent=12.28 | best=14.15
*** NEW BEST GNN    (avg=14.17) at rollout 14637 ***
GNN    rollout 14700 | recent=12.61 | best=14.17
GNN    rollout 14800 | recent=12.62 | best=14.17
GNN    rollout 14900 | recent=12.31 | best=14.17
GNN    rollout 15000 | recent=11.13 | best=14.17
[GNN] checkpoint saved → ep=15000
GNN    rollout 15100 | recent=13.53 | best=14.17
GNN    rollout 15200 | recent=12.45 | best=14.17
GNN    rollout 15300 | recent=12.69 | best=14.17
GNN    rollout 15400 | recent=11.07 | best=14.17
GNN    rollout 15500 | recent=11.15 | best=14.17
[GNN] checkpoint saved → ep=15500
GNN    rollout 15600 | recent=7.82 | best=14.17
GNN    rollout 15700 | recent=10.65 | best=14.17
GNN    rollout 15800 | recent=9.57 | best=14.17
GNN    rollout 15900 | recent=12.27 | best=14.17
GNN    rollout 16000 | recent=14.07 | best=14.17
[GNN] checkpoint saved → ep=16000
GNN    rollout 16100 | recent=12.19 | best=14.17
GNN    rollout 16200 | recent=14.01 | best=14.17
GNN    rollout 16300 | recent=11.15 | best=14.17
GNN    rollout 16400 | recent=12.59 | best=14.17
GNN    rollout 16500 | recent=12.37 | best=14.17
[GNN] checkpoint saved → ep=16500
GNN    rollout 16600 | recent=8.52 | best=14.17
GNN    rollout 16700 | recent=12.48 | best=14.17
GNN    rollout 16800 | recent=11.07 | best=14.17
GNN    rollout 16900 | recent=8.15 | best=14.17
GNN    rollout 17000 | recent=14.00 | best=14.17
[GNN] checkpoint saved → ep=17000
GNN    rollout 17100 | recent=12.50 | best=14.17
GNN    rollout 17200 | recent=13.84 | best=14.17
GNN    rollout 17300 | recent=12.91 | best=14.17
GNN    rollout 17400 | recent=12.46 | best=14.17
*** NEW BEST GNN    (avg=14.18) at rollout 17462 ***
GNN    rollout 17500 | recent=9.55 | best=14.18
[GNN] checkpoint saved → ep=17500
GNN    rollout 17600 | recent=12.59 | best=14.18
GNN    rollout 17700 | recent=12.61 | best=14.18
GNN    rollout 17800 | recent=11.24 | best=14.18
*** NEW BEST GNN    (avg=14.21) at rollout 17823 ***
GNN    rollout 17900 | recent=9.36 | best=14.21
GNN    rollout 18000 | recent=10.75 | best=14.21
[GNN] checkpoint saved → ep=18000
GNN    rollout 18100 | recent=11.04 | best=14.21
GNN    rollout 18200 | recent=12.52 | best=14.21
GNN    rollout 18300 | recent=11.28 | best=14.21
GNN    rollout 18400 | recent=14.11 | best=14.21
GNN    rollout 18500 | recent=4.94 | best=14.21
[GNN] checkpoint saved → ep=18500
GNN    rollout 18600 | recent=10.66 | best=14.21
GNN    rollout 18700 | recent=8.13 | best=14.21
GNN    rollout 18800 | recent=6.54 | best=14.21
GNN    rollout 18900 | recent=4.03 | best=14.21
GNN    rollout 19000 | recent=12.06 | best=14.21
[GNN] checkpoint saved → ep=19000
GNN    rollout 19100 | recent=9.29 | best=14.21
GNN    rollout 19200 | recent=10.99 | best=14.21
GNN    rollout 19300 | recent=7.79 | best=14.21
GNN    rollout 19400 | recent=9.73 | best=14.21
GNN    rollout 19500 | recent=8.13 | best=14.21
[GNN] checkpoint saved → ep=19500
GNN    rollout 19600 | recent=9.47 | best=14.21
GNN    rollout 19700 | recent=11.04 | best=14.21
GNN    rollout 19800 | recent=12.45 | best=14.21
GNN    rollout 19900 | recent=7.79 | best=14.21
[GNN] checkpoint saved → ep=19999
[GNN] Done. Models saved to /projects/amfa5003/tangram-easy/checkpoints/gnn/seed1/
Traceback (most recent call last):
  File "/projects/amfa5003/tangram-easy/train_single.py", line 141, in <module>
    main()
  File "/projects/amfa5003/tangram-easy/train_single.py", line 115, in main
    _, best_model = TRAIN[args.method](
ValueError: too many values to unpack (expected 2)
